<!DOCTYPE html>
<html>
<head>
  <title>grunt-injector</title>
  <!-- injector:html -->
  <!-- endinjector -->
  <!-- injector:css -->
  <!-- endinjector -->
</head>
<body>

  <!-- injector:bower:js -->
  <script src="/fake/fake.js"></script>
  <!-- endinjector -->
  <!-- injector:js -->
  <!-- endinjector -->
</body>
</html>
