<!DOCTYPE html>
<html>
<head>
  <title>grunt-injector</title>
  <!-- injector:html -->
  <link rel="import" href="/component.html">
  <!-- endinjector -->
  <!-- injector:css -->
  <link rel="stylesheet" href="/style.css">
  <!-- endinjector -->
</head>
<body>

  <!-- bower:js -->
  <!-- endbower -->
  <!-- injector:js -->
  <script src="/script.js"></script>
  <script src="/script2.min.js"></script>
  <!-- endinjector -->
</body>
</html>
