[
  "/test/fixtures/script.js",
  "/test/fixtures/script2.js",
  "/test/fixtures/style.css",
  "/test/fixtures/component.html"
]